// Jest Snapshot v1, https://goo.gl/fbAQLP

exports[`should render LoginPage correctly 1`] = `
<div
  className="box-layout"
>
  <div
    className="box-layout__box"
  >
    <h1
      className="box-layout__title"
    >
      Expensify
    </h1>
    <p>
      Manage your expenses.
    </p>
    <button
      className="button button--login"
      onClick={[Function]}
    >
      <i
        className="fa fa-google"
      />
       Login With Google
    </button>
    <button
      className="button button--login"
      onClick={[Function]}
    >
      <i
        className="fa fa-github"
      />
       Login With GitHub
    </button>
  </div>
</div>
`;
