// Jest Snapshot v1, https://goo.gl/fbAQLP

exports[`should correctly render Remove Expense Modal 1`] = `
<div>
  <Modal
    ariaHideApp={true}
    bodyOpenClassName="ReactModal__Body--open"
    className="modal"
    closeTimeoutMS={200}
    contentLabel="Selected Option"
    isOpen={false}
    parentSelector={[Function]}
    portalClassName="ReactModalPortal"
    shouldCloseOnEsc={true}
    shouldCloseOnOverlayClick={true}
    shouldFocusAfterRender={true}
  >
    <h3
      className="modal__title"
    >
      You are about to delete this expense. 
    </h3>
    <h3
      className="modal__title"
    >
      Do you want to confirm ?
    </h3>
    <div>
      <button
        className="button button--danger button--aside"
        onClick={[Function]}
      >
        Remove
      </button>
      <button
        className="button button--aside"
      >
        Cancel
      </button>
    </div>
  </Modal>
</div>
`;
